Starting viewer
WARNING - /opt/arkime/etc/config.ini doesn't exist
WARNING - Using authMode=digest since not set, add to config file to silence this warning.
WARNING
WARNING - No users are defined, use `/opt/arkime/bin/arkime_add_user.sh` to add one
WARNING
WARNING - No cronQueries=true found in /opt/arkime/etc/config.ini, one and only one node MUST have cronQueries=true set for cron/hunts to work
ERROR - couldn't listen on host undefined port 8005 is viewer.js already running?
Starting viewer
WARNING - /opt/arkime/etc/config.ini doesn't exist
WARNING - Using authMode=digest since not set, add to config file to silence this warning.
WARNING
WARNING - No users are defined, use `/opt/arkime/bin/arkime_add_user.sh` to add one
WARNING
WARNING - No cronQueries=true found in /opt/arkime/etc/config.ini, one and only one node MUST have cronQueries=true set for cron/hunts to work
ERROR - couldn't listen on host undefined port 8005 is viewer.js already running?
Starting viewer
WARNING - /opt/arkime/etc/config.ini doesn't exist
WARNING - Using authMode=digest since not set, add to config file to silence this warning.
WARNING
WARNING - No users are defined, use `/opt/arkime/bin/arkime_add_user.sh` to add one
WARNING
WARNING - No cronQueries=true found in /opt/arkime/etc/config.ini, one and only one node MUST have cronQueries=true set for cron/hunts to work
ERROR - couldn't listen on host undefined port 8005 is viewer.js already running?
Starting viewer
WARNING - /opt/arkime/etc/config.ini doesn't exist
WARNING - Using authMode=digest since not set, add to config file to silence this warning.
WARNING
WARNING - No users are defined, use `/opt/arkime/bin/arkime_add_user.sh` to add one
WARNING
WARNING - No cronQueries=true found in /opt/arkime/etc/config.ini, one and only one node MUST have cronQueries=true set for cron/hunts to work
ERROR - couldn't listen on host undefined port 8005 is viewer.js already running?
Starting viewer
WARNING - /opt/arkime/etc/config.ini doesn't exist
WARNING - Using authMode=digest since not set, add to config file to silence this warning.
WARNING
WARNING - No users are defined, use `/opt/arkime/bin/arkime_add_user.sh` to add one
WARNING
WARNING - No cronQueries=true found in /opt/arkime/etc/config.ini, one and only one node MUST have cronQueries=true set for cron/hunts to work
ERROR - couldn't listen on host undefined port 8005 is viewer.js already running?
Starting viewer
WARNING - /opt/arkime/etc/config.ini doesn't exist
WARNING - Using authMode=digest since not set, add to config file to silence this warning.
WARNING
WARNING - No users are defined, use `/opt/arkime/bin/arkime_add_user.sh` to add one
WARNING
WARNING - No cronQueries=true found in /opt/arkime/etc/config.ini, one and only one node MUST have cronQueries=true set for cron/hunts to work
ERROR - couldn't listen on host undefined port 8005 is viewer.js already running?
Starting viewer
WARNING - /opt/arkime/etc/config.ini doesn't exist
WARNING - Using authMode=digest since not set, add to config file to silence this warning.
WARNING
WARNING - No users are defined, use `/opt/arkime/bin/arkime_add_user.sh` to add one
WARNING
WARNING - No cronQueries=true found in /opt/arkime/etc/config.ini, one and only one node MUST have cronQueries=true set for cron/hunts to work
ERROR - couldn't listen on host undefined port 8005 is viewer.js already running?
Starting viewer
WARNING - /opt/arkime/etc/config.ini doesn't exist
WARNING - Using authMode=digest since not set, add to config file to silence this warning.
WARNING - No cronQueries=true found in /opt/arkime/etc/config.ini, one and only one node MUST have cronQueries=true set for cron/hunts to work
WARNING
WARNING - No users are defined, use `/opt/arkime/bin/arkime_add_user.sh` to add one
WARNING
ERROR - couldn't listen on host undefined port 8005 is viewer.js already running?
Starting viewer
WARNING - /opt/arkime/etc/config.ini doesn't exist
WARNING - Using authMode=digest since not set, add to config file to silence this warning.
WARNING
WARNING - No users are defined, use `/opt/arkime/bin/arkime_add_user.sh` to add one
WARNING
WARNING - No cronQueries=true found in /opt/arkime/etc/config.ini, one and only one node MUST have cronQueries=true set for cron/hunts to work
ERROR - couldn't listen on host undefined port 8005 is viewer.js already running?
Starting viewer
WARNING - /opt/arkime/etc/config.ini doesn't exist
WARNING - Using authMode=digest since not set, add to config file to silence this warning.
WARNING
WARNING - No users are defined, use `/opt/arkime/bin/arkime_add_user.sh` to add one
WARNING
WARNING - No cronQueries=true found in /opt/arkime/etc/config.ini, one and only one node MUST have cronQueries=true set for cron/hunts to work
ERROR - couldn't listen on host undefined port 8005 is viewer.js already running?
Starting viewer
WARNING - /opt/arkime/etc/config.ini doesn't exist
WARNING - Using authMode=digest since not set, add to config file to silence this warning.
WARNING
WARNING - No users are defined, use `/opt/arkime/bin/arkime_add_user.sh` to add one
WARNING
WARNING - No cronQueries=true found in /opt/arkime/etc/config.ini, one and only one node MUST have cronQueries=true set for cron/hunts to work
ERROR - couldn't listen on host undefined port 8005 is viewer.js already running?
Starting viewer
WARNING - /opt/arkime/etc/config.ini doesn't exist
WARNING - Using authMode=digest since not set, add to config file to silence this warning.
WARNING
WARNING - No users are defined, use `/opt/arkime/bin/arkime_add_user.sh` to add one
WARNING
WARNING - No cronQueries=true found in /opt/arkime/etc/config.ini, one and only one node MUST have cronQueries=true set for cron/hunts to work
ERROR - couldn't listen on host undefined port 8005 is viewer.js already running?
Starting viewer
WARNING - /opt/arkime/etc/config.ini doesn't exist
WARNING - Using authMode=digest since not set, add to config file to silence this warning.
WARNING - No cronQueries=true found in /opt/arkime/etc/config.ini, one and only one node MUST have cronQueries=true set for cron/hunts to work
WARNING
WARNING - No users are defined, use `/opt/arkime/bin/arkime_add_user.sh` to add one
WARNING
ERROR - couldn't listen on host undefined port 8005 is viewer.js already running?
Starting viewer
WARNING - /opt/arkime/etc/config.ini doesn't exist
WARNING - Using authMode=digest since not set, add to config file to silence this warning.
WARNING
WARNING - No users are defined, use `/opt/arkime/bin/arkime_add_user.sh` to add one
WARNING
WARNING - No cronQueries=true found in /opt/arkime/etc/config.ini, one and only one node MUST have cronQueries=true set for cron/hunts to work
ERROR - couldn't listen on host undefined port 8005 is viewer.js already running?
Starting viewer
WARNING - /opt/arkime/etc/config.ini doesn't exist
WARNING - Using authMode=digest since not set, add to config file to silence this warning.
WARNING
WARNING - No users are defined, use `/opt/arkime/bin/arkime_add_user.sh` to add one
WARNING
WARNING - No cronQueries=true found in /opt/arkime/etc/config.ini, one and only one node MUST have cronQueries=true set for cron/hunts to work
ERROR - couldn't listen on host undefined port 8005 is viewer.js already running?
Starting viewer
WARNING - /opt/arkime/etc/config.ini doesn't exist
WARNING - Using authMode=digest since not set, add to config file to silence this warning.
WARNING
WARNING - No users are defined, use `/opt/arkime/bin/arkime_add_user.sh` to add one
WARNING
WARNING - No cronQueries=true found in /opt/arkime/etc/config.ini, one and only one node MUST have cronQueries=true set for cron/hunts to work
ERROR - couldn't listen on host undefined port 8005 is viewer.js already running?
Starting viewer
WARNING - /opt/arkime/etc/config.ini doesn't exist
WARNING - Using authMode=digest since not set, add to config file to silence this warning.
WARNING
WARNING - No users are defined, use `/opt/arkime/bin/arkime_add_user.sh` to add one
WARNING
WARNING - No cronQueries=true found in /opt/arkime/etc/config.ini, one and only one node MUST have cronQueries=true set for cron/hunts to work
ERROR - couldn't listen on host undefined port 8005 is viewer.js already running?
Starting viewer
WARNING - /opt/arkime/etc/config.ini doesn't exist
WARNING - Using authMode=digest since not set, add to config file to silence this warning.
WARNING
WARNING - No users are defined, use `/opt/arkime/bin/arkime_add_user.sh` to add one
WARNING
WARNING - No cronQueries=true found in /opt/arkime/etc/config.ini, one and only one node MUST have cronQueries=true set for cron/hunts to work
ERROR - couldn't listen on host undefined port 8005 is viewer.js already running?
